<html>
  <head>
    <title>Full Head</title>
  </head>
  <body>
    <h1>Full Body</h1>
    <p>First line</p>
    <p>Second line</p>
  </body>
</html>
